Testing without optimization
